Cloning into 'vestionamento'...
remote: Enumerating objects: 3, done.
remote: Counting objects: 100% (3/3), done.
remote: Compressing objects: 100% (3/3), done.
remote: Total 3 (delta 0), reused 3 (delta 0), pack-reused 0
Receiving objects: 100% (3/3), 88.78 KiB | 29.59 MiB/s, done.


novo:
C:\Users\24153687\Documents\aula tarde\vestionamento>git add .    "Quando o arquivo está em vermelho"
warning: adding embedded git repository: vestionamento
hint: You've added another git repository inside your current repository.
hint: Clones of the outer repository will not contain the contents of
hint: the embedded repository and will not know how to obtain it.
hint: If you meant to add a submodule, use:
hint:
hint:   git submodule add <url> vestionamento
hint:
hint: If you added this path by mistake, you can remove it from the
hint: index with:
hint:
hint:   git rm --cached vestionamento
hint:
hint: See "git help submodule" for more information.

C:\Users\24153687\Documents\aula tarde\vestionamento>git status
On branch main
Your branch is ahead of 'origin/main' by 1 commit.
  (use "git push" to publish your local commits)

Changes to be committed:
  (use "git restore --staged <file>..." to unstage)
        new file:   vestionamento


C:\Users\24153687\Documents\aula tarde\vestionamento>git commit -m "Arquivo da tarde TXT"
[main f148831] Arquivo da tarde TXT
 1 file changed, 1 insertion(+)
 create mode 160000 vestionamento

C:\Users\24153687\Documents\aula tarde\vestionamento>git status
On branch main
Your branch is ahead of 'origin/main' by 2 commits.
  (use "git push" to publish your local commits)

nothing to commit, working tree clean

C:\Users\24153687\Documents\aula tarde\vestionamento>git status
On branch main
Your branch is ahead of 'origin/main' by 2 commits.
  (use "git push" to publish your local commits)

nothing to commit, working tree clean

C:\Users\24153687\Documents\aula tarde\vestionamento>git push -u
Enumerating objects: 6, done.
Counting objects: 100% (6/6), done.
Delta compression using up to 8 threads
Compressing objects: 100% (5/5), done.
Writing objects: 100% (5/5), 699 bytes | 87.00 KiB/s, done.
Total 5 (delta 1), reused 0 (delta 0), pack-reused 0
remote: Resolving deltas: 100% (1/1), done.
To https://github.com/lenezinha/vestionamento
   bb96d95..f148831  main -> main
branch 'main' set up to track 'origin/main'.
